Acc Number,Description,Debit Amount,Credit Amount,Balance
123456,Bought chairs,20,,980
123456,Bought pens,10,,1000